// Jest Snapshot v1, https://goo.gl/fbAQLP

exports[`ProductList Component  1`] = `
<div>
  <div
    class="p-4 mb-4 mt-8 text-sm text-blue-800 rounded-lg bg-blue-50 dark:bg-gray-800 dark:text-blue-400 text-center"
    role="alert"
  >
    <span
      aria-label="productsnotfound"
      class="font-medium"
    >
      No hay productos en la lista!
    </span>
  </div>
</div>
`;
