// Jest Snapshot v1, https://goo.gl/fbAQLP

exports[`ProductPage Component  1`] = `
<div>
  <div
    class="container mx-auto"
  >
    <div
      class="text-center flex justify-between mt-6"
    >
      <h1
        class="text-2xl"
      >
        Productos
      </h1>
      <button
        class="bg-blue-500 text-white px-3 py-1 rounded hover:bg-blue-600 mb-2 shadow-md"
      >
        Agregar producto
      </button>
    </div>
    <div
      class="p-4 mb-4 mt-8 text-sm text-blue-800 rounded-lg bg-blue-50 dark:bg-gray-800 dark:text-blue-400 text-center"
      role="alert"
    >
      <span
        class="font-medium"
      >
        No hay productos en la lista!
      </span>
    </div>
  </div>
</div>
`;
